

  查看远程分支
$ git branch -a



  查看本地分支
$ git branch



  创建分支
$ git branch test



  把分支推到远程分支 
$ git push origin test



  切换分支到test
$ git checkout test



  删除本地分支
$ git branch -d branch-name  



  删除远程分支
$ git branch -r -d origin/branch-name  
$ git push origin :branch-name



  git中failed to push some refs to git问题解决及基本使用
$ git pull --rebase origin master



  克隆项目
$ git clone htpps:...



  版本回退

$ git log//查看日记
  commit 3628164fb26d48395383f8f31179f24e0882e1e0
  Author: Michael Liao <askxuefeng@gmail.com>
  Date:   Tue Aug 20 15:11:49 2013 +0800

    append GPL

  commit ea34578d5496d7dd233c827ed32a8cd576c5ee85
  Author: Michael Liao <askxuefeng@gmail.com>
  Date:   Tue Aug 20 14:53:12 2013 +0800

    add distributed

  commit cb926e7ea50ad11b8f9e909c05226233bf755030
  Author: Michael Liao <askxuefeng@gmail.com>
  Date:   Mon Aug 19 17:51:55 2013 +0800

$ git reset --hard HEAD^ //回退上一个版本 （上一个版本就是HEAD^，上上一个版本就是HEAD^^）

  只要上面的命令行窗口还没有被关掉 找到那个append GPL的commit id是3628164...

$ git reset --hard 3628164 //就可以恢复回退之前的版本



  分支合并
$ git checkout master //切换分支master

$ git merge branch-name //如果有冲突，会提示你，调用git status查看冲突文件。解决冲突，然后调用git add或git rm将解决后的文件暂  

  存。所有冲突解决后，git commit 提交更改。








